// Jest Snapshot v1, https://goo.gl/fbAQLP

exports[`Render SearchInput correctly 1`] = `
ReactWrapper {
  Symbol(enzyme.__unrendered__): <SearchInput
    onChange={[Function]}
    onSubmit={[Function]}
    value="New Query String!"
>
    <Input />
    <SearchButton />
    <RemoveButton />
</SearchInput>,
  Symbol(enzyme.__renderer__): Object {
    "batchedUpdates": [Function],
    "getNode": [Function],
    "render": [Function],
    "simulateError": [Function],
    "simulateEvent": [Function],
    "unmount": [Function],
  },
  Symbol(enzyme.__root__): [Circular],
  Symbol(enzyme.__node__): Object {
    "instance": null,
    "key": undefined,
    "nodeType": "function",
    "props": Object {
      "children": Array [
        <Input />,
        <SearchButton />,
        <RemoveButton />,
      ],
      "onChange": [Function],
      "onSubmit": [Function],
      "value": "New Query String!",
    },
    "ref": null,
    "rendered": Object {
      "instance": <form
        class="search-form"
>
        <input
                type="text"
                class="search-form--input"
                placeholder="Zoeken"
                name="query"
                value="New Query String!"
        />
        <button
                class="search-form--button"
        >
                <svg
                        aria-hidden="true"
                        focusable="false"
                        data-prefix="fas"
                        data-icon="search"
                        class="svg-inline--fa fa-search fa-w-16 "
                        role="img"
                        xmlns="http://www.w3.org/2000/svg"
                        viewBox="0 0 512 512"
                >
                        <path
                                fill="currentColor"
                                d="M505 442.7L405.3 343c-4.5-4.5-10.6-7-17-7H372c27.6-35.3 44-79.7 44-128C416 93.1 322.9 0 208 0S0 93.1 0 208s93.1 208 208 208c48.3 0 92.7-16.4 128-44v16.3c0 6.4 2.5 12.5 7 17l99.7 99.7c9.4 9.4 24.6 9.4 33.9 0l28.3-28.3c9.4-9.4 9.4-24.6.1-34zM208 336c-70.7 0-128-57.2-128-128 0-70.7 57.2-128 128-128 70.7 0 128 57.2 128 128 0 70.7-57.2 128-128 128z"
                        />
                </svg>
        </button>
</form>,
      "key": undefined,
      "nodeType": "host",
      "props": Object {
        "children": Array [
          <Input />,
          <SearchButton />,
          <RemoveButton />,
        ],
        "className": "search-form",
      },
      "ref": null,
      "rendered": Array [
        Object {
          "instance": null,
          "key": undefined,
          "nodeType": "function",
          "props": Object {},
          "ref": null,
          "rendered": Object {
            "instance": <input
              type="text"
              class="search-form--input"
              placeholder="Zoeken"
              name="query"
              value="New Query String!"
/>,
            "key": undefined,
            "nodeType": "host",
            "props": Object {
              "className": "search-form--input",
              "name": "query",
              "onBlur": [Function],
              "onChange": [Function],
              "onFocus": [Function],
              "onKeyUp": [Function],
              "placeholder": "Zoeken",
              "type": "text",
              "value": "New Query String!",
            },
            "ref": [Function],
            "rendered": Array [
              undefined,
            ],
            "type": "input",
          },
          "type": [Function],
        },
        Object {
          "instance": null,
          "key": undefined,
          "nodeType": "function",
          "props": Object {},
          "ref": null,
          "rendered": Object {
            "instance": <button
              class="search-form--button"
>
              <svg
                            aria-hidden="true"
                            focusable="false"
                            data-prefix="fas"
                            data-icon="search"
                            class="svg-inline--fa fa-search fa-w-16 "
                            role="img"
                            xmlns="http://www.w3.org/2000/svg"
                            viewBox="0 0 512 512"
              >
                            <path
                                          fill="currentColor"
                                          d="M505 442.7L405.3 343c-4.5-4.5-10.6-7-17-7H372c27.6-35.3 44-79.7 44-128C416 93.1 322.9 0 208 0S0 93.1 0 208s93.1 208 208 208c48.3 0 92.7-16.4 128-44v16.3c0 6.4 2.5 12.5 7 17l99.7 99.7c9.4 9.4 24.6 9.4 33.9 0l28.3-28.3c9.4-9.4 9.4-24.6.1-34zM208 336c-70.7 0-128-57.2-128-128 0-70.7 57.2-128 128-128 70.7 0 128 57.2 128 128 0 70.7-57.2 128-128 128z"
                            />
              </svg>
</button>,
            "key": undefined,
            "nodeType": "host",
            "props": Object {
              "children": <FontAwesomeIcon
                border={false}
                className=""
                fixedWidth={false}
                flip={null}
                icon={
                                Object {
                                                "icon": Array [
                                                  512,
                                                  512,
                                                  Array [],
                                                  "f002",
                                                  "M505 442.7L405.3 343c-4.5-4.5-10.6-7-17-7H372c27.6-35.3 44-79.7 44-128C416 93.1 322.9 0 208 0S0 93.1 0 208s93.1 208 208 208c48.3 0 92.7-16.4 128-44v16.3c0 6.4 2.5 12.5 7 17l99.7 99.7c9.4 9.4 24.6 9.4 33.9 0l28.3-28.3c9.4-9.4 9.4-24.6.1-34zM208 336c-70.7 0-128-57.2-128-128 0-70.7 57.2-128 128-128 70.7 0 128 57.2 128 128 0 70.7-57.2 128-128 128z",
                                                ],
                                                "iconName": "search",
                                                "prefix": "fas",
                                              }
                }
                inverse={false}
                listItem={false}
                mask={null}
                pull={null}
                pulse={false}
                rotation={null}
                size={null}
                spin={false}
                symbol={false}
                title=""
                transform={null}
/>,
              "className": "search-form--button",
              "onClick": [Function],
            },
            "ref": null,
            "rendered": Array [
              Object {
                "instance": null,
                "key": undefined,
                "nodeType": "function",
                "props": Object {
                  "border": false,
                  "className": "",
                  "fixedWidth": false,
                  "flip": null,
                  "icon": Object {
                    "icon": Array [
                      512,
                      512,
                      Array [],
                      "f002",
                      "M505 442.7L405.3 343c-4.5-4.5-10.6-7-17-7H372c27.6-35.3 44-79.7 44-128C416 93.1 322.9 0 208 0S0 93.1 0 208s93.1 208 208 208c48.3 0 92.7-16.4 128-44v16.3c0 6.4 2.5 12.5 7 17l99.7 99.7c9.4 9.4 24.6 9.4 33.9 0l28.3-28.3c9.4-9.4 9.4-24.6.1-34zM208 336c-70.7 0-128-57.2-128-128 0-70.7 57.2-128 128-128 70.7 0 128 57.2 128 128 0 70.7-57.2 128-128 128z",
                    ],
                    "iconName": "search",
                    "prefix": "fas",
                  },
                  "inverse": false,
                  "listItem": false,
                  "mask": null,
                  "pull": null,
                  "pulse": false,
                  "rotation": null,
                  "size": null,
                  "spin": false,
                  "symbol": false,
                  "title": "",
                  "transform": null,
                },
                "ref": null,
                "rendered": Object {
                  "instance": <svg
                    aria-hidden="true"
                    focusable="false"
                    data-prefix="fas"
                    data-icon="search"
                    class="svg-inline--fa fa-search fa-w-16 "
                    role="img"
                    xmlns="http://www.w3.org/2000/svg"
                    viewBox="0 0 512 512"
>
                    <path
                                        fill="currentColor"
                                        d="M505 442.7L405.3 343c-4.5-4.5-10.6-7-17-7H372c27.6-35.3 44-79.7 44-128C416 93.1 322.9 0 208 0S0 93.1 0 208s93.1 208 208 208c48.3 0 92.7-16.4 128-44v16.3c0 6.4 2.5 12.5 7 17l99.7 99.7c9.4 9.4 24.6 9.4 33.9 0l28.3-28.3c9.4-9.4 9.4-24.6.1-34zM208 336c-70.7 0-128-57.2-128-128 0-70.7 57.2-128 128-128 70.7 0 128 57.2 128 128 0 70.7-57.2 128-128 128z"
                    />
</svg>,
                  "key": undefined,
                  "nodeType": "host",
                  "props": Object {
                    "aria-hidden": "true",
                    "children": <path
                      d="M505 442.7L405.3 343c-4.5-4.5-10.6-7-17-7H372c27.6-35.3 44-79.7 44-128C416 93.1 322.9 0 208 0S0 93.1 0 208s93.1 208 208 208c48.3 0 92.7-16.4 128-44v16.3c0 6.4 2.5 12.5 7 17l99.7 99.7c9.4 9.4 24.6 9.4 33.9 0l28.3-28.3c9.4-9.4 9.4-24.6.1-34zM208 336c-70.7 0-128-57.2-128-128 0-70.7 57.2-128 128-128 70.7 0 128 57.2 128 128 0 70.7-57.2 128-128 128z"
                      fill="currentColor"
                      style={Object {}}
/>,
                    "className": "svg-inline--fa fa-search fa-w-16 ",
                    "data-icon": "search",
                    "data-prefix": "fas",
                    "focusable": "false",
                    "role": "img",
                    "style": Object {},
                    "viewBox": "0 0 512 512",
                    "xmlns": "http://www.w3.org/2000/svg",
                  },
                  "ref": null,
                  "rendered": Array [
                    Object {
                      "instance": <path
                        fill="currentColor"
                        d="M505 442.7L405.3 343c-4.5-4.5-10.6-7-17-7H372c27.6-35.3 44-79.7 44-128C416 93.1 322.9 0 208 0S0 93.1 0 208s93.1 208 208 208c48.3 0 92.7-16.4 128-44v16.3c0 6.4 2.5 12.5 7 17l99.7 99.7c9.4 9.4 24.6 9.4 33.9 0l28.3-28.3c9.4-9.4 9.4-24.6.1-34zM208 336c-70.7 0-128-57.2-128-128 0-70.7 57.2-128 128-128 70.7 0 128 57.2 128 128 0 70.7-57.2 128-128 128z"
/>,
                      "key": undefined,
                      "nodeType": "host",
                      "props": Object {
                        "d": "M505 442.7L405.3 343c-4.5-4.5-10.6-7-17-7H372c27.6-35.3 44-79.7 44-128C416 93.1 322.9 0 208 0S0 93.1 0 208s93.1 208 208 208c48.3 0 92.7-16.4 128-44v16.3c0 6.4 2.5 12.5 7 17l99.7 99.7c9.4 9.4 24.6 9.4 33.9 0l28.3-28.3c9.4-9.4 9.4-24.6.1-34zM208 336c-70.7 0-128-57.2-128-128 0-70.7 57.2-128 128-128 70.7 0 128 57.2 128 128 0 70.7-57.2 128-128 128z",
                        "fill": "currentColor",
                        "style": Object {},
                      },
                      "ref": null,
                      "rendered": Array [
                        undefined,
                      ],
                      "type": "path",
                    },
                  ],
                  "type": "svg",
                },
                "type": [Function],
              },
            ],
            "type": "button",
          },
          "type": [Function],
        },
        Object {
          "instance": null,
          "key": undefined,
          "nodeType": "function",
          "props": Object {},
          "ref": null,
          "rendered": null,
          "type": [Function],
        },
      ],
      "type": "form",
    },
    "type": [Function],
  },
  Symbol(enzyme.__nodes__): Array [
    Object {
      "instance": null,
      "key": undefined,
      "nodeType": "function",
      "props": Object {
        "children": Array [
          <Input />,
          <SearchButton />,
          <RemoveButton />,
        ],
        "onChange": [Function],
        "onSubmit": [Function],
        "value": "New Query String!",
      },
      "ref": null,
      "rendered": Object {
        "instance": <form
          class="search-form"
>
          <input
                    type="text"
                    class="search-form--input"
                    placeholder="Zoeken"
                    name="query"
                    value="New Query String!"
          />
          <button
                    class="search-form--button"
          >
                    <svg
                              aria-hidden="true"
                              focusable="false"
                              data-prefix="fas"
                              data-icon="search"
                              class="svg-inline--fa fa-search fa-w-16 "
                              role="img"
                              xmlns="http://www.w3.org/2000/svg"
                              viewBox="0 0 512 512"
                    >
                              <path
                                        fill="currentColor"
                                        d="M505 442.7L405.3 343c-4.5-4.5-10.6-7-17-7H372c27.6-35.3 44-79.7 44-128C416 93.1 322.9 0 208 0S0 93.1 0 208s93.1 208 208 208c48.3 0 92.7-16.4 128-44v16.3c0 6.4 2.5 12.5 7 17l99.7 99.7c9.4 9.4 24.6 9.4 33.9 0l28.3-28.3c9.4-9.4 9.4-24.6.1-34zM208 336c-70.7 0-128-57.2-128-128 0-70.7 57.2-128 128-128 70.7 0 128 57.2 128 128 0 70.7-57.2 128-128 128z"
                              />
                    </svg>
          </button>
</form>,
        "key": undefined,
        "nodeType": "host",
        "props": Object {
          "children": Array [
            <Input />,
            <SearchButton />,
            <RemoveButton />,
          ],
          "className": "search-form",
        },
        "ref": null,
        "rendered": Array [
          Object {
            "instance": null,
            "key": undefined,
            "nodeType": "function",
            "props": Object {},
            "ref": null,
            "rendered": Object {
              "instance": <input
                type="text"
                class="search-form--input"
                placeholder="Zoeken"
                name="query"
                value="New Query String!"
/>,
              "key": undefined,
              "nodeType": "host",
              "props": Object {
                "className": "search-form--input",
                "name": "query",
                "onBlur": [Function],
                "onChange": [Function],
                "onFocus": [Function],
                "onKeyUp": [Function],
                "placeholder": "Zoeken",
                "type": "text",
                "value": "New Query String!",
              },
              "ref": [Function],
              "rendered": Array [
                undefined,
              ],
              "type": "input",
            },
            "type": [Function],
          },
          Object {
            "instance": null,
            "key": undefined,
            "nodeType": "function",
            "props": Object {},
            "ref": null,
            "rendered": Object {
              "instance": <button
                class="search-form--button"
>
                <svg
                                aria-hidden="true"
                                focusable="false"
                                data-prefix="fas"
                                data-icon="search"
                                class="svg-inline--fa fa-search fa-w-16 "
                                role="img"
                                xmlns="http://www.w3.org/2000/svg"
                                viewBox="0 0 512 512"
                >
                                <path
                                                fill="currentColor"
                                                d="M505 442.7L405.3 343c-4.5-4.5-10.6-7-17-7H372c27.6-35.3 44-79.7 44-128C416 93.1 322.9 0 208 0S0 93.1 0 208s93.1 208 208 208c48.3 0 92.7-16.4 128-44v16.3c0 6.4 2.5 12.5 7 17l99.7 99.7c9.4 9.4 24.6 9.4 33.9 0l28.3-28.3c9.4-9.4 9.4-24.6.1-34zM208 336c-70.7 0-128-57.2-128-128 0-70.7 57.2-128 128-128 70.7 0 128 57.2 128 128 0 70.7-57.2 128-128 128z"
                                />
                </svg>
</button>,
              "key": undefined,
              "nodeType": "host",
              "props": Object {
                "children": <FontAwesomeIcon
                  border={false}
                  className=""
                  fixedWidth={false}
                  flip={null}
                  icon={
                                    Object {
                                                      "icon": Array [
                                                        512,
                                                        512,
                                                        Array [],
                                                        "f002",
                                                        "M505 442.7L405.3 343c-4.5-4.5-10.6-7-17-7H372c27.6-35.3 44-79.7 44-128C416 93.1 322.9 0 208 0S0 93.1 0 208s93.1 208 208 208c48.3 0 92.7-16.4 128-44v16.3c0 6.4 2.5 12.5 7 17l99.7 99.7c9.4 9.4 24.6 9.4 33.9 0l28.3-28.3c9.4-9.4 9.4-24.6.1-34zM208 336c-70.7 0-128-57.2-128-128 0-70.7 57.2-128 128-128 70.7 0 128 57.2 128 128 0 70.7-57.2 128-128 128z",
                                                      ],
                                                      "iconName": "search",
                                                      "prefix": "fas",
                                                    }
                  }
                  inverse={false}
                  listItem={false}
                  mask={null}
                  pull={null}
                  pulse={false}
                  rotation={null}
                  size={null}
                  spin={false}
                  symbol={false}
                  title=""
                  transform={null}
/>,
                "className": "search-form--button",
                "onClick": [Function],
              },
              "ref": null,
              "rendered": Array [
                Object {
                  "instance": null,
                  "key": undefined,
                  "nodeType": "function",
                  "props": Object {
                    "border": false,
                    "className": "",
                    "fixedWidth": false,
                    "flip": null,
                    "icon": Object {
                      "icon": Array [
                        512,
                        512,
                        Array [],
                        "f002",
                        "M505 442.7L405.3 343c-4.5-4.5-10.6-7-17-7H372c27.6-35.3 44-79.7 44-128C416 93.1 322.9 0 208 0S0 93.1 0 208s93.1 208 208 208c48.3 0 92.7-16.4 128-44v16.3c0 6.4 2.5 12.5 7 17l99.7 99.7c9.4 9.4 24.6 9.4 33.9 0l28.3-28.3c9.4-9.4 9.4-24.6.1-34zM208 336c-70.7 0-128-57.2-128-128 0-70.7 57.2-128 128-128 70.7 0 128 57.2 128 128 0 70.7-57.2 128-128 128z",
                      ],
                      "iconName": "search",
                      "prefix": "fas",
                    },
                    "inverse": false,
                    "listItem": false,
                    "mask": null,
                    "pull": null,
                    "pulse": false,
                    "rotation": null,
                    "size": null,
                    "spin": false,
                    "symbol": false,
                    "title": "",
                    "transform": null,
                  },
                  "ref": null,
                  "rendered": Object {
                    "instance": <svg
                      aria-hidden="true"
                      focusable="false"
                      data-prefix="fas"
                      data-icon="search"
                      class="svg-inline--fa fa-search fa-w-16 "
                      role="img"
                      xmlns="http://www.w3.org/2000/svg"
                      viewBox="0 0 512 512"
>
                      <path
                                            fill="currentColor"
                                            d="M505 442.7L405.3 343c-4.5-4.5-10.6-7-17-7H372c27.6-35.3 44-79.7 44-128C416 93.1 322.9 0 208 0S0 93.1 0 208s93.1 208 208 208c48.3 0 92.7-16.4 128-44v16.3c0 6.4 2.5 12.5 7 17l99.7 99.7c9.4 9.4 24.6 9.4 33.9 0l28.3-28.3c9.4-9.4 9.4-24.6.1-34zM208 336c-70.7 0-128-57.2-128-128 0-70.7 57.2-128 128-128 70.7 0 128 57.2 128 128 0 70.7-57.2 128-128 128z"
                      />
</svg>,
                    "key": undefined,
                    "nodeType": "host",
                    "props": Object {
                      "aria-hidden": "true",
                      "children": <path
                        d="M505 442.7L405.3 343c-4.5-4.5-10.6-7-17-7H372c27.6-35.3 44-79.7 44-128C416 93.1 322.9 0 208 0S0 93.1 0 208s93.1 208 208 208c48.3 0 92.7-16.4 128-44v16.3c0 6.4 2.5 12.5 7 17l99.7 99.7c9.4 9.4 24.6 9.4 33.9 0l28.3-28.3c9.4-9.4 9.4-24.6.1-34zM208 336c-70.7 0-128-57.2-128-128 0-70.7 57.2-128 128-128 70.7 0 128 57.2 128 128 0 70.7-57.2 128-128 128z"
                        fill="currentColor"
                        style={Object {}}
/>,
                      "className": "svg-inline--fa fa-search fa-w-16 ",
                      "data-icon": "search",
                      "data-prefix": "fas",
                      "focusable": "false",
                      "role": "img",
                      "style": Object {},
                      "viewBox": "0 0 512 512",
                      "xmlns": "http://www.w3.org/2000/svg",
                    },
                    "ref": null,
                    "rendered": Array [
                      Object {
                        "instance": <path
                          fill="currentColor"
                          d="M505 442.7L405.3 343c-4.5-4.5-10.6-7-17-7H372c27.6-35.3 44-79.7 44-128C416 93.1 322.9 0 208 0S0 93.1 0 208s93.1 208 208 208c48.3 0 92.7-16.4 128-44v16.3c0 6.4 2.5 12.5 7 17l99.7 99.7c9.4 9.4 24.6 9.4 33.9 0l28.3-28.3c9.4-9.4 9.4-24.6.1-34zM208 336c-70.7 0-128-57.2-128-128 0-70.7 57.2-128 128-128 70.7 0 128 57.2 128 128 0 70.7-57.2 128-128 128z"
/>,
                        "key": undefined,
                        "nodeType": "host",
                        "props": Object {
                          "d": "M505 442.7L405.3 343c-4.5-4.5-10.6-7-17-7H372c27.6-35.3 44-79.7 44-128C416 93.1 322.9 0 208 0S0 93.1 0 208s93.1 208 208 208c48.3 0 92.7-16.4 128-44v16.3c0 6.4 2.5 12.5 7 17l99.7 99.7c9.4 9.4 24.6 9.4 33.9 0l28.3-28.3c9.4-9.4 9.4-24.6.1-34zM208 336c-70.7 0-128-57.2-128-128 0-70.7 57.2-128 128-128 70.7 0 128 57.2 128 128 0 70.7-57.2 128-128 128z",
                          "fill": "currentColor",
                          "style": Object {},
                        },
                        "ref": null,
                        "rendered": Array [
                          undefined,
                        ],
                        "type": "path",
                      },
                    ],
                    "type": "svg",
                  },
                  "type": [Function],
                },
              ],
              "type": "button",
            },
            "type": [Function],
          },
          Object {
            "instance": null,
            "key": undefined,
            "nodeType": "function",
            "props": Object {},
            "ref": null,
            "rendered": null,
            "type": [Function],
          },
        ],
        "type": "form",
      },
      "type": [Function],
    },
  ],
  Symbol(enzyme.__options__): Object {
    "adapter": ReactSixteenAdapter {
      "options": Object {
        "enableComponentDidUpdateOnSetState": true,
        "legacyContextMode": "parent",
        "lifecycles": Object {
          "componentDidUpdate": Object {
            "onSetState": true,
          },
          "getChildContext": Object {
            "calledByRenderer": false,
          },
          "getDerivedStateFromProps": true,
          "getSnapshotBeforeUpdate": true,
          "setState": Object {
            "skipsComponentDidUpdateOnNullish": true,
          },
        },
      },
    },
  },
}
`;
